[    0.000000] Initializing cgroup subsys cpuset
[    0.000000] Initializing cgroup subsys cpu
[    0.000000] Initializing cgroup subsys cpuacct
[    0.000000] Linux version 4.4.0-210-generic (buildd@lgw01-amd64-009) (gcc version 5.4.0 20160609 (Ubuntu 5.4.0-6ubuntu1~16.04.12) ) #242-Ubuntu SMP Fri Apr 16 09:57:56 UTC 2021 (Ubuntu 4.4.0-210.242-generic 4.4.262)
[    0.000000] Command line: BOOT_IMAGE=/boot/vmlinuz-4.4.0-210-generic root=LABEL=cloudimg-rootfs ro console=tty1 console=ttyS0
[    0.000000] KERNEL supported cpus:
[    0.000000]   Intel GenuineIntel
[    0.000000]   AMD AuthenticAMD
[    0.000000]   Centaur CentaurHauls
[    0.000000] x86/fpu: Legacy x87 FPU detected.
[    0.000000] e820: BIOS-provided physical RAM map:
[    0.000000] BIOS-e820: [mem 0x0000000000000000-0x000000000009fbff] usable
[    0.000000] BIOS-e820: [mem 0x000000000009fc00-0x000000000009ffff] reserved
[    0.000000] BIOS-e820: [mem 0x00000000000f0000-0x00000000000fffff] reserved
[    0.000000] BIOS-e820: [mem 0x0000000000100000-0x000000003ffeffff] usable
[    0.000000] BIOS-e820: [mem 0x000000003fff0000-0x000000003fffffff] ACPI data
[    0.000000] BIOS-e820: [mem 0x00000000fec00000-0x00000000fec00fff] reserved
[    0.000000] BIOS-e820: [mem 0x00000000fee00000-0x00000000fee00fff] reserved
[    0.000000] BIOS-e820: [mem 0x00000000fffc0000-0x00000000ffffffff] reserved
[    0.000000] NX (Execute Disable) protection: active
[    0.000000] SMBIOS 2.5 present.
[    0.000000] Hypervisor detected: KVM
[    0.000000] Kernel/User page tables isolation: disabled
[    0.000000] e820: last_pfn = 0x3fff0 max_arch_pfn = 0x400000000
[    0.000000] MTRR: Disabled
[    0.000000] x86/PAT: MTRRs disabled, skipping PAT initialization too.
[    0.000000] CPU MTRRs all blank - virtualized system.
[    0.000000] x86/PAT: Configuration [0-7]: WB  WT  UC- UC  WB  WT  UC- UC  
[    0.000000] found SMP MP-table at [mem 0x0009fff0-0x0009ffff] mapped at [ffff88000009fff0]
[    0.000000] Scanning 1 areas for low memory corruption
[    0.000000] RAMDISK: [mem 0x362de000-0x37166fff]
[    0.000000] ACPI: Early table checksum verification disabled
[    0.000000] ACPI: RSDP 0x00000000000E0000 000024 (v02 VBOX  )
[    0.000000] ACPI: XSDT 0x000000003FFF0030 00003C (v01 VBOX   VBOXXSDT 00000001 ASL  00000061)
[    0.000000] ACPI: FACP 0x000000003FFF00F0 0000F4 (v04 VBOX   VBOXFACP 00000001 ASL  00000061)
[    0.000000] ACPI: DSDT 0x000000003FFF0470 002325 (v02 VBOX   VBOXBIOS 00000002 INTL 20100528)
[    0.000000] ACPI: FACS 0x000000003FFF0200 000040
[    0.000000] ACPI: FACS 0x000000003FFF0200 000040
[    0.000000] ACPI: APIC 0x000000003FFF0240 00005C (v02 VBOX   VBOXAPIC 00000001 ASL  00000061)
[    0.000000] ACPI: SSDT 0x000000003FFF02A0 0001CC (v01 VBOX   VBOXCPUT 00000002 INTL 20100528)
[    0.000000] No NUMA configuration found
[    0.000000] Faking a node at [mem 0x0000000000000000-0x000000003ffeffff]
[    0.000000] NODE_DATA(0) allocated [mem 0x3ffeb000-0x3ffeffff]
[    0.000000] kvm-clock: Using msrs 4b564d01 and 4b564d00
[    0.000000] kvm-clock: cpu 0, msr 0:3ffe3001, primary cpu clock
[    0.000000] kvm-clock: using sched offset of 4038910323 cycles
[    0.000000] clocksource: kvm-clock: mask: 0xffffffffffffffff max_cycles: 0x1cd42e4dffb, max_idle_ns: 881590591483 ns
[    0.000000] Zone ranges:
[    0.000000]   DMA      [mem 0x0000000000001000-0x0000000000ffffff]
[    0.000000]   DMA32    [mem 0x0000000001000000-0x000000003ffeffff]
[    0.000000]   Normal   empty
[    0.000000]   Device   empty
[    0.000000] Movable zone start for each node
[    0.000000] Early memory node ranges
[    0.000000]   node   0: [mem 0x0000000000001000-0x000000000009efff]
[    0.000000]   node   0: [mem 0x0000000000100000-0x000000003ffeffff]
[    0.000000] Initmem setup node 0 [mem 0x0000000000001000-0x000000003ffeffff]
[    0.000000] ACPI: PM-Timer IO Port: 0x4008
[    0.000000] IOAPIC[0]: apic_id 2, version 32, address 0xfec00000, GSI 0-23
[    0.000000] ACPI: INT_SRC_OVR (bus 0 bus_irq 0 global_irq 2 dfl dfl)
[    0.000000] ACPI: INT_SRC_OVR (bus 0 bus_irq 9 global_irq 9 low level)
[    0.000000] Using ACPI (MADT) for SMP configuration information
[    0.000000] smpboot: Allowing 2 CPUs, 0 hotplug CPUs
[    0.000000] PM: Registered nosave memory: [mem 0x00000000-0x00000fff]
[    0.000000] PM: Registered nosave memory: [mem 0x0009f000-0x0009ffff]
[    0.000000] PM: Registered nosave memory: [mem 0x000a0000-0x000effff]
[    0.000000] PM: Registered nosave memory: [mem 0x000f0000-0x000fffff]
[    0.000000] e820: [mem 0x40000000-0xfebfffff] available for PCI devices
[    0.000000] Booting paravirtualized kernel on KVM
[    0.000000] clocksource: refined-jiffies: mask: 0xffffffff max_cycles: 0xffffffff, max_idle_ns: 7645519600211568 ns
[    0.000000] setup_percpu: NR_CPUS:512 nr_cpumask_bits:512 nr_cpu_ids:2 nr_node_ids:1
[    0.000000] PERCPU: Embedded 33 pages/cpu @ffff88003fc00000 s95192 r8192 d31784 u1048576
[    0.000000] Built 1 zonelists in Node order, mobility grouping on.  Total pages: 257912
[    0.000000] Policy zone: DMA32
[    0.000000] Kernel command line: BOOT_IMAGE=/boot/vmlinuz-4.4.0-210-generic root=LABEL=cloudimg-rootfs ro console=tty1 console=ttyS0
[    0.000000] PID hash table entries: 4096 (order: 3, 32768 bytes)
[    0.000000] Memory: 997796K/1048120K available (8644K kernel code, 1332K rwdata, 4044K rodata, 1492K init, 1164K bss, 50324K reserved, 0K cma-reserved)
[    0.000000] SLUB: HWalign=64, Order=0-3, MinObjects=0, CPUs=2, Nodes=1
[    0.000000] Hierarchical RCU implementation.
[    0.000000] 	Build-time adjustment of leaf fanout to 64.
[    0.000000] 	RCU restricting CPUs from NR_CPUS=512 to nr_cpu_ids=2.
[    0.000000] RCU: Adjusting geometry for rcu_fanout_leaf=64, nr_cpu_ids=2
[    0.000000] NR_IRQS:33024 nr_irqs:440 16
[    0.000000] Console: colour VGA+ 80x25
[    0.000000] console [tty1] enabled
[    0.000000] console [ttyS0] enabled
[    0.000000] tsc: Detected 1800.005 MHz processor
[    0.523709] Calibrating delay loop (skipped) preset value.. 3600.01 BogoMIPS (lpj=7200020)
[    0.530363] pid_max: default: 32768 minimum: 301
[    0.533815] ACPI: Core revision 20150930
[    0.538034] ACPI: 2 ACPI AML tables successfully acquired and loaded
[    0.543579] Security Framework initialized
[    0.546788] Yama: becoming mindful.
[    0.549557] AppArmor: AppArmor initialized
[    0.552831] Dentry cache hash table entries: 131072 (order: 8, 1048576 bytes)
[    0.563555] Inode-cache hash table entries: 65536 (order: 7, 524288 bytes)
[    0.570682] Mount-cache hash table entries: 2048 (order: 2, 16384 bytes)
[    0.575544] Mountpoint-cache hash table entries: 2048 (order: 2, 16384 bytes)
[    0.581715] Initializing cgroup subsys io
[    0.584836] Initializing cgroup subsys memory
[    0.588215] Initializing cgroup subsys devices
[    0.591646] Initializing cgroup subsys freezer
[    0.595174] Initializing cgroup subsys net_cls
[    0.598563] Initializing cgroup subsys perf_event
[    0.602475] Initializing cgroup subsys net_prio
[    0.606204] Initializing cgroup subsys hugetlb
[    0.609571] Initializing cgroup subsys pids
[    0.613487] mce: CPU supports 0 MCE banks
[    0.616723] Last level iTLB entries: 4KB 64, 2MB 8, 4MB 8
[    0.620927] Last level dTLB entries: 4KB 64, 2MB 0, 4MB 0, 1GB 4
[    0.625457] Spectre V1 : Mitigation: usercopy/swapgs barriers and __user pointer sanitization
[    0.631798] Spectre V2 : Mitigation: Enhanced IBRS
[    0.635369] Spectre V2 : Spectre v2 / SpectreRSB mitigation: Filling RSB on context switch
[    0.641271] Speculative Store Bypass: Vulnerable
[    0.675073] Freeing SMP alternatives memory: 36K
[    0.744246] ftrace: allocating 32380 entries in 127 pages
[    1.199476] smpboot: APIC(0) Converting physical 0 to logical package 0
[    1.206284] smpboot: Max logical packages: 1
[    1.220622] ..TIMER: vector=0x30 apic1=0 pin1=2 apic2=-1 pin2=-1
[    1.334312] smpboot: CPU0: Intel(R) Core(TM) i5-8265U CPU @ 1.60GHz (family: 0x6, model: 0x8e, stepping: 0xc)
[    1.342621] Performance Events: unsupported p6 CPU model 142 no PMU driver, software events only.
[    1.417674] KVM setup paravirtual spinlock
[    1.425627] x86: Booting SMP configuration:
[    1.429859] .... node  #0, CPUs:      #1
[    1.434042] kvm-clock: cpu 1, msr 0:3ffe3041, secondary cpu clock
[    1.437936] mce: CPU supports 0 MCE banks
[    1.441844] TSC synchronization [CPU#0 -> CPU#1]:
[    1.445870] Measured 41009 cycles TSC warp between CPUs, turning off TSC clock.
[    1.452534] tsc: Marking TSC unstable due to check_tsc_sync_source failed
[    0.453430] x86: Booted up 1 node, 2 CPUs
[    0.456005] smpboot: Total of 2 processors activated (7200.02 BogoMIPS)
[    0.464576] devtmpfs: initialized
[    0.469920] evm: security.selinux
[    0.472009] evm: security.SMACK64
[    0.476007] evm: security.SMACK64EXEC
[    0.479244] evm: security.SMACK64TRANSMUTE
[    0.480006] evm: security.SMACK64MMAP
[    0.484004] evm: security.ima
[    0.488004] evm: security.capability
[    0.492314] clocksource: jiffies: mask: 0xffffffff max_cycles: 0xffffffff, max_idle_ns: 7645041785100000 ns
[    0.496024] futex hash table entries: 512 (order: 3, 32768 bytes)
[    0.500364] pinctrl core: initialized pinctrl subsystem
[    0.504363] RTC time: 11:36:23, date: 07/12/21
[    0.512584] NET: Registered protocol family 16
[    0.528017] cpuidle: using governor ladder
[    0.540020] cpuidle: using governor menu
[    0.543722] PCCT header not found.
[    0.544215] ACPI: bus type PCI registered
[    0.548007] acpiphp: ACPI Hot Plug PCI Controller Driver version: 0.5
[    0.552454] PCI: Using configuration type 1 for base access
[    0.572453] ACPI: Added _OSI(Module Device)
[    0.576008] ACPI: Added _OSI(Processor Device)
[    0.580006] ACPI: Added _OSI(3.0 _SCP Extensions)
[    0.584007] ACPI: Added _OSI(Processor Aggregator Device)
[    0.592340] ACPI: Executed 1 blocks of module-level executable AML code
[    0.601891] ACPI: Interpreter enabled
[    0.604017] ACPI: (supports S0 S5)
[    0.608007] ACPI: Using IOAPIC for interrupt routing
[    0.612331] PCI: Using host bridge windows from ACPI; if necessary, use "pci=nocrs" and report a bug
[    0.626892] ACPI: PCI Root Bridge [PCI0] (domain 0000 [bus 00-ff])
[    0.628012] acpi PNP0A03:00: _OSC: OS supports [ASPM ClockPM Segments MSI]
[    0.632603] acpi PNP0A03:00: _OSC: not requesting OS control; OS requires [ExtendedConfig ASPM ClockPM MSI]
[    0.636035] acpi PNP0A03:00: fail to add MMCONFIG information, can't access extended PCI configuration space under this bridge.
[    0.640635] PCI host bridge to bus 0000:00
[    0.644009] pci_bus 0000:00: root bus resource [io  0x0000-0x0cf7 window]
[    0.648010] pci_bus 0000:00: root bus resource [io  0x0d00-0xffff window]
[    0.652008] pci_bus 0000:00: root bus resource [mem 0x000a0000-0x000bffff window]
[    0.656007] pci_bus 0000:00: root bus resource [mem 0x40000000-0xfdffffff window]
[    0.660004] pci_bus 0000:00: root bus resource [bus 00-ff]
[    0.672251] pci 0000:00:01.1: legacy IDE quirk: reg 0x10: [io  0x01f0-0x01f7]
[    0.676004] pci 0000:00:01.1: legacy IDE quirk: reg 0x14: [io  0x03f6]
[    0.680004] pci 0000:00:01.1: legacy IDE quirk: reg 0x18: [io  0x0170-0x0177]
[    0.684003] pci 0000:00:01.1: legacy IDE quirk: reg 0x1c: [io  0x0376]
[    0.757568] pci 0000:00:07.0: quirk: [io  0x4000-0x403f] claimed by PIIX4 ACPI
[    0.772036] pci 0000:00:07.0: quirk: [io  0x4100-0x410f] claimed by PIIX4 SMB
[    0.797086] ACPI: PCI Interrupt Link [LNKA] (IRQs 5 9 10 *11)
[    0.810144] ACPI: PCI Interrupt Link [LNKB] (IRQs 5 9 *10 11)
[    0.844182] ACPI: PCI Interrupt Link [LNKC] (IRQs 5 *9 10 11)
[    0.856906] ACPI: PCI Interrupt Link [LNKD] (IRQs 5 9 10 *11)
[    0.869688] ACPI: Enabled 2 GPEs in block 00 to 07
[    0.876256] vgaarb: setting as boot device: PCI:0000:00:02.0
[    0.880000] vgaarb: device added: PCI:0000:00:02.0,decodes=io+mem,owns=io+mem,locks=none
[    0.896005] vgaarb: loaded
[    0.896005] vgaarb: bridge control possible 0000:00:02.0
[    0.904476] SCSI subsystem initialized
[    0.912165] ACPI: bus type USB registered
[    0.916022] usbcore: registered new interface driver usbfs
[    0.924008] usbcore: registered new interface driver hub
[    0.928011] usbcore: registered new device driver usb
[    0.936211] PCI: Using ACPI for IRQ routing
[    0.944691] NetLabel: Initializing
[    0.948002] NetLabel:  domain hash size = 128
[    0.956004] NetLabel:  protocols = UNLABELED CIPSOv4
[    0.960020] NetLabel:  unlabeled traffic allowed by default
[    0.968123] amd_nb: Cannot enumerate AMD northbridges
[    0.972200] clocksource: Switched to clocksource kvm-clock
[    1.012934] AppArmor: AppArmor Filesystem Enabled
[    1.017251] pnp: PnP ACPI init
[    1.021161] pnp: PnP ACPI: found 3 devices
[    1.031846] clocksource: acpi_pm: mask: 0xffffff max_cycles: 0xffffff, max_idle_ns: 2085701024 ns
[    1.039356] NET: Registered protocol family 2
[    1.043570] TCP established hash table entries: 8192 (order: 4, 65536 bytes)
[    1.049426] TCP bind hash table entries: 8192 (order: 5, 131072 bytes)
[    1.053385] TCP: Hash tables configured (established 8192 bind 8192)
[    1.053385] UDP hash table entries: 512 (order: 2, 16384 bytes)
[    1.053385] UDP-Lite hash table entries: 512 (order: 2, 16384 bytes)
[    1.053385] NET: Registered protocol family 1
[    1.053385] pci 0000:00:00.0: Limiting direct PCI/PCI transfers
[    1.053385] pci 0000:00:01.0: Activating ISA DMA hang workarounds
[    1.053385] Unpacking initramfs...
[    1.053385] Freeing initrd memory: 14884K
[    1.053385] clocksource: tsc: mask: 0xffffffffffffffff max_cycles: 0x19f22e42037, max_idle_ns: 440795249997 ns
[    1.053385] platform rtc_cmos: registered platform RTC device (no PNP device found)
[    1.053385] Scanning for low memory corruption every 60 seconds
[    1.490337] audit: initializing netlink subsys (disabled)
[    1.495010] audit: type=2000 audit(1626089788.704:1): initialized
[    1.499928] Initialise system trusted keyring
[    1.504450] HugeTLB registered 2 MB page size, pre-allocated 0 pages
[    1.511384] zbud: loaded
[    1.514950] VFS: Disk quotas dquot_6.6.0
[    1.518748] VFS: Dquot-cache hash table entries: 512 (order 0, 4096 bytes)
[    1.523780] squashfs: version 4.0 (2009/01/31) Phillip Lougher
[    1.529561] fuse init (API version 7.23)
[    1.533318] Key type big_key registered
[    1.536669] Allocating IMA MOK and blacklist keyrings.
[    1.550919] Key type asymmetric registered
[    1.554491] Asymmetric key parser 'x509' registered
[    1.558238] Block layer SCSI generic (bsg) driver version 0.4 loaded (major 249)
[    1.564424] io scheduler noop registered
[    1.567571] io scheduler deadline registered (default)
[    1.571712] io scheduler cfq registered
[    1.575027] pci_hotplug: PCI Hot Plug PCI Core version: 0.5
[    1.579371] pciehp: PCI Express Hot Plug Controller Driver version: 0.4
[    1.584326] ACPI: AC Adapter [AC] (on-line)
[    1.587709] input: Power Button as /devices/LNXSYSTM:00/LNXPWRBN:00/input/input0
[    1.593428] ACPI: Power Button [PWRF]
[    1.596443] input: Sleep Button as /devices/LNXSYSTM:00/LNXSLPBN:00/input/input1
[    1.603001] ACPI: Sleep Button [SLPF]
[    1.607885] ACPI: Battery Slot [BAT0] (battery present)
[    1.611923] GHES: HEST is not enabled!
[    1.615139] Serial: 8250/16550 driver, 32 ports, IRQ sharing enabled
[    1.644497] 00:02: ttyS0 at I/O 0x3f8 (irq = 4, base_baud = 115200) is a 16550A
[    1.664622] Linux agpgart interface v0.103
[    1.682504] loop: module loaded
[    1.688053] scsi host0: ata_piix
[    1.691971] scsi host1: ata_piix
[    1.695097] ata1: PATA max UDMA/33 cmd 0x1f0 ctl 0x3f6 bmdma 0xd000 irq 14
[    1.700427] ata2: PATA max UDMA/33 cmd 0x170 ctl 0x376 bmdma 0xd008 irq 15
[    1.705584] libphy: Fixed MDIO Bus: probed
[    1.710229] tun: Universal TUN/TAP device driver, 1.6
[    1.714726] tun: (C) 1999-2004 Max Krasnyansky <maxk@qualcomm.com>
[    1.719781] PPP generic driver version 2.4.2
[    1.723324] ehci_hcd: USB 2.0 'Enhanced' Host Controller (EHCI) Driver
[    1.728446] ehci-pci: EHCI PCI platform driver
[    1.731835] ehci-platform: EHCI generic platform driver
[    1.736088] ohci_hcd: USB 1.1 'Open' Host Controller (OHCI) Driver
[    1.741950] ohci-pci: OHCI PCI platform driver
[    1.745646] ohci-platform: OHCI generic platform driver
[    1.749914] uhci_hcd: USB Universal Host Controller Interface driver
[    1.754745] i8042: PNP: PS/2 Controller [PNP0303:PS2K,PNP0f03:PS2M] at 0x60,0x64 irq 1,12
[    1.763781] serio: i8042 KBD port at 0x60,0x64 irq 1
[    1.768099] serio: i8042 AUX port at 0x60,0x64 irq 12
[    1.772234] mousedev: PS/2 mouse device common for all mice
[    1.777954] input: AT Translated Set 2 keyboard as /devices/platform/i8042/serio0/input/input2
[    1.786117] rtc_cmos rtc_cmos: rtc core: registered rtc_cmos as rtc0
[    1.792608] rtc_cmos rtc_cmos: alarms up to one day, 114 bytes nvram
[    1.798161] i2c /dev entries driver
[    1.801224] device-mapper: uevent: version 1.0.3
[    1.805067] device-mapper: ioctl: 4.34.0-ioctl (2015-10-28) initialised: dm-devel@redhat.com
[    1.811644] ledtrig-cpu: registered to indicate activity on CPUs
[    1.818451] NET: Registered protocol family 10
[    1.823707] NET: Registered protocol family 17
[    1.827707] Key type dns_resolver registered
[    1.831749] registered taskstats version 1
[    1.835360] Loading compiled-in X.509 certificates
[    1.840123] Loaded X.509 cert 'Build time autogenerated kernel key: cf00e047681d67edb2720680708b7d9498083038'
[    1.847583] zswap: loaded using pool lzo/zbud
[    1.856239] Key type trusted registered
[    1.916522] Key type encrypted registered
[    1.920507] AppArmor: AppArmor sha1 policy hashing enabled
[    1.924672] ima: No TPM chip found, activating TPM-bypass!
[    1.928887] ima: Allocated hash algorithm: sha1
[    1.932510] evm: HMAC attrs: 0x1
[    1.937798]   Magic number: 13:653:630
[    1.941480] rtc_cmos rtc_cmos: setting system clock to 2021-07-12 11:36:25 UTC (1626089785)
[    1.948308] BIOS EDD facility v0.16 2004-Jun-25, 0 devices found
[    1.953052] EDD information not available.
[    1.958747] Freeing unused kernel memory: 1492K
[    1.962378] Write protecting the kernel read-only data: 14336k
[    1.967923] Freeing unused kernel memory: 1584K
[    1.972760] Freeing unused kernel memory: 52K
Loading, please wait...
starting version 229
[    1.999416] random: systemd-udevd: uninitialized urandom read (16 bytes read, 5 bits of entropy available)
[    1.999723] random: udevadm: uninitialized urandom read (16 bytes read, 5 bits of entropy available)
[    1.999769] random: udevadm: uninitialized urandom read (16 bytes read, 5 bits of entropy available)
[    2.010016] random: udevadm: uninitialized urandom read (16 bytes read, 5 bits of entropy available)
[    2.010045] random: udevadm: uninitialized urandom read (16 bytes read, 5 bits of entropy available)
[    2.010169] random: udevadm: uninitialized urandom read (16 bytes read, 5 bits of entropy available)
[    2.010203] random: udevadm: uninitialized urandom read (16 bytes read, 5 bits of entropy available)
[    2.010261] random: udevadm: uninitialized urandom read (16 bytes read, 5 bits of entropy available)
[    2.010333] random: udevadm: uninitialized urandom read (16 bytes read, 5 bits of entropy available)
[    2.010365] random: udevadm: uninitialized urandom read (16 bytes read, 5 bits of entropy available)
[    2.121960] Fusion MPT base driver 3.04.20
[    2.125889] Copyright (c) 1999-2008 LSI Corporation
[    2.133870] e1000: Intel(R) PRO/1000 Network Driver - version 7.3.21-k8-NAPI
[    2.140457] e1000: Copyright (c) 1999-2006 Intel Corporation.
[    2.174385] Fusion MPT SPI Host driver 3.04.20
[    2.407681] input: ImExPS/2 Generic Explorer Mouse as /devices/platform/i8042/serio1/input/input4
[    2.772509] e1000 0000:00:03.0 eth0: (PCI:33MHz:32-bit) 02:0f:93:65:62:e0
[    2.778038] e1000 0000:00:03.0 eth0: Intel(R) PRO/1000 Network Connection
[    2.784754] mptbase: ioc0: Initiating bringup
[    2.873555] ioc0: LSI53C1030 A0: Capabilities={Initiator}
[    3.803181] scsi host2: ioc0: LSI53C1030 A0, FwRev=00000000h, Ports=1, MaxQ=256, IRQ=20
[    3.956268] scsi 2:0:0:0: Direct-Access     VBOX     HARDDISK         1.0  PQ: 0 ANSI: 5
[    3.963546] scsi target2:0:0: Beginning Domain Validation
[    3.974164] scsi target2:0:0: Domain Validation skipping write tests
[    3.979139] scsi target2:0:0: Ending Domain Validation
[    3.984634] scsi target2:0:0: asynchronous
[    3.990809] scsi 2:0:1:0: Direct-Access     VBOX     HARDDISK         1.0  PQ: 0 ANSI: 5
[    3.997760] scsi target2:0:1: Beginning Domain Validation
[    4.009580] scsi target2:0:1: Domain Validation skipping write tests
[    4.014860] scsi target2:0:1: Ending Domain Validation
[    4.019026] scsi target2:0:1: asynchronous
[    4.041400] sd 2:0:0:0: Attached scsi generic sg0 type 0
[    4.046380] sd 2:0:0:0: [sda] 83886080 512-byte logical blocks: (42.9 GB/40.0 GiB)
[    4.052802] sd 2:0:1:0: Attached scsi generic sg1 type 0
[    4.057380] sd 2:0:1:0: [sdb] 20480 512-byte logical blocks: (10.5 MB/10.0 MiB)
[    4.064496] sd 2:0:0:0: [sda] Write Protect is off
[    4.069608] sd 2:0:1:0: [sdb] Write Protect is off
[    4.090282] sd 2:0:0:0: [sda] Incomplete mode parameter data
[    4.095443] sd 2:0:0:0: [sda] Assuming drive cache: write through
[    4.101204] sd 2:0:1:0: [sdb] Incomplete mode parameter data
[    4.105450] sd 2:0:1:0: [sdb] Assuming drive cache: write through
[    4.114113]  sda: sda1
[    4.120177] sd 2:0:0:0: [sda] Attached SCSI disk
[    4.126068] sd 2:0:1:0: [sdb] Attached SCSI disk
[    4.582024] e1000 0000:00:08.0 eth1: (PCI:33MHz:32-bit) 08:00:27:4e:09:56
[    4.588910] e1000 0000:00:08.0 eth1: Intel(R) PRO/1000 Network Connection
[    4.597264] e1000 0000:00:08.0 enp0s8: renamed from eth1
[    4.608845] e1000 0000:00:03.0 enp0s3: renamed from eth0
Begin: Loading essential drivers ... [    6.231120] md: linear personality registered for level -1
[    6.238638] md: multipath personality registered for level -4
[    6.245854] md: raid0 personality registered for level 0
[    6.260877] md: raid1 personality registered for level 1
[    6.958748] raid6: sse2x1   gen() 112882 MB/s
[    8.958112] raid6: sse2x1   xor() 115132 MB/s
[   10.971134] raid6: sse2x2   gen() 229641 MB/s
[   12.025999] raid6: sse2x2   xor() 10770 MB/s
[   12.100763] raid6: sse2x4   gen() 16467 MB/s
[   12.197414] raid6: sse2x4   xor() 10601 MB/s
[   12.201199] raid6: using algorithm sse2x2 gen() 229641 MB/s
[   12.205231] raid6: .... xor() 10770 MB/s, rmw enabled
[   12.209114] raid6: using ssse3x2 recovery algorithm
[   12.215341] xor: measuring software checksum speed
[   12.256062]    prefetch64-sse: 22904.000 MB/sec
[   12.296522]    generic_sse: 18639.000 MB/sec
[   12.300526] xor: using function: prefetch64-sse (22904.000 MB/sec)
[   12.306660] async_tx: api initialized (async)
[   12.344954] md: raid6 personality registered for level 6
[   12.349994] md: raid5 personality registered for level 5
[   12.354420] md: raid4 personality registered for level 4
[   12.377207] md: raid10 personality registered for level 10
done.
Begin: Running /scripts/init-premount ... done.
Begin: Mounting root file system ... Begin: Running /scripts/local-top ... done.
Begin: Running /scripts/local-premount ... [   12.448925] Btrfs loaded
Scanning for Btrfs filesystems
done.
Warning: fsck not present, so skipping root file system
[   12.507708] EXT4-fs (sda1): mounted filesystem with ordered data mode. Opts: (null)
done.
Begin: Running /scripts/local-bottom ... done.
Begin: Running /scripts/init-bottom ... done.
[   12.698390] systemd[1]: systemd 229 running in system mode. (+PAM +AUDIT +SELINUX +IMA +APPARMOR +SMACK +SYSVINIT +UTMP +LIBCRYPTSETUP +GCRYPT +GNUTLS +ACL +XZ -LZ4 +SECCOMP +BLKID +ELFUTILS +KMOD -IDN)
[   12.711451] systemd[1]: Detected virtualization oracle.
[   12.716003] systemd[1]: Detected architecture x86-64.

Welcome to [1mUbuntu 16.04.7 LTS[0m!

[   12.729918] systemd[1]: Set hostname to <ubuntu>.
[   12.739302] systemd[1]: Initializing machine ID from random generator.
[   12.744116] systemd[1]: Installed transient /etc/machine-id file.
[   12.980785] systemd[1]: Listening on Journal Socket.
[[0;32m  OK  [0m] Listening on Journal Socket.
[   12.989933] systemd[1]: Listening on Device-mapper event daemon FIFOs.
[[0;32m  OK  [0m] Listening on Device-mapper event daemon FIFOs.
[   13.000578] systemd[1]: Set up automount Arbitrary Executable File Formats File System Automount Point.
[[0;32m  OK  [0m] Set up automount Arbitrary Executab...ats File System Automount Point.
[   13.013815] systemd[1]: Reached target System Time Synchronized.
[[0;32m  OK  [0m] Reached target System Time Synchronized.
[   13.023422] systemd[1]: Listening on Journal Socket (/dev/log).
[[0;32m  OK  [0m] Listening on Journal Socket (/dev/log).
[   13.032926] systemd[1]: Started Trigger resolvconf update for networkd DNS.
[[0;32m  OK  [0m] Started Trigger resolvconf update for networkd DNS.
[   13.043411] systemd[1]: Listening on fsck to fsckd communication Socket.
[[0;32m  OK  [0m] Listening on fsck to fsckd communication Socket.
[   13.053493] systemd[1]: Listening on Syslog Socket.
[[0;32m  OK  [0m] Listening on Syslog Socket.
[   13.062357] systemd[1]: Listening on LVM2 poll daemon socket.
[[0;32m  OK  [0m] Listening on LVM2 poll daemon socket.
[   13.071678] systemd[1]: Listening on LVM2 metadata daemon socket.
[[0;32m  OK  [0m] Listening on LVM2 metadata daemon socket.
[   13.082269] systemd[1]: Listening on /dev/initctl Compatibility Named Pipe.
[[0;32m  OK  [0m] Listening on /dev/initctl Compatibility Named Pipe.
[   13.092995] systemd[1]: Reached target User and Group Name Lookups.
[[0;32m  OK  [0m] Reached target User and Group Name Lookups.
[   13.104408] systemd[1]: Listening on udev Control Socket.
[[0;32m  OK  [0m] Listening on udev Control Socket.
[   13.112998] systemd[1]: Created slice User and Session Slice.
[[0;32m  OK  [0m] Created slice User and Session Slice.
[   13.123046] systemd[1]: Listening on udev Kernel Socket.
[[0;32m  OK  [0m] Listening on udev Kernel Socket.
[   13.131978] systemd[1]: Started Forward Password Requests to Wall Directory Watch.
[[0;32m  OK  [0m] Started Forward Password Requests to Wall Directory Watch.
[   13.141985] systemd[1]: Reached target Encrypted Volumes.
[[0;32m  OK  [0m] Reached target Encrypted Volumes.
[   13.150652] systemd[1]: Reached target Swap.
[[0;32m  OK  [0m] Reached target Swap.
[   13.158886] systemd[1]: Listening on Journal Audit Socket.
[[0;32m  OK  [0m] Listening on Journal Audit Socket.
[   13.168034] systemd[1]: Created slice System Slice.
[[0;32m  OK  [0m] Created slice System Slice.
[   13.188252] systemd[1]: Mounting Huge Pages File System...
         Mounting Huge Pages File System...
[   13.198905] systemd[1]: Starting Monitoring of LVM2 mirrors, snapshots etc. using dmeventd or progress polling...
         Starting Monitoring of LVM2 mirrors... dmeventd or progress polling...
[   13.213652] systemd[1]: Mounting Debug File System...
         Mounting Debug File System...
[   13.226100] systemd[1]: Starting Uncomplicated firewall...
         Starting Uncomplicated firewall...
[   13.243803] systemd[1]: Starting Set console keymap...
         Starting Set console keymap...
[   13.254851] systemd[1]: Starting Create list of required static device nodes for the current kernel...
         Starting Create list of required st... nodes for the current kernel...
[   13.270274] systemd[1]: Mounting POSIX Message Queue File System...
         Mounting POSIX Message Queue File System...
[   13.281498] systemd[1]: Starting Journal Service...
         Starting Journal Service...
[   13.293857] systemd[1]: Starting File System Check on Root Device...
         Starting File System Check on Root Device...
[   13.310663] systemd[1]: Starting Nameserver information manager...
         Starting Nameserver information manager...
[   13.326935] systemd[1]: Starting Load Kernel Modules...
         Starting Load Kernel Modules...
[   13.341790] systemd[1]: Reached target Slices.
[[0;32m  OK  [0m] Reached target Slices.
[   13.352779] systemd[1]: Created slice system-serial\x2dgetty.slice.
[   13.358777] Loading iSCSI transport class v2.0-870.
[[0;32m  OK  [0m] Created slice system-serial\x2dgetty.slice.
[   13.373156] iscsi: registered transport (tcp)
[   13.382272] systemd[1]: Mounted Huge Pages File System.
[[0;32m  OK  [0m] Mounted Huge Pages File System.
[   13.392968] systemd[1]: Mounted Debug File System.
[[0;32m  OK  [0m] Mounted Debug File System.
[   13.407548] systemd[1]: Mounted POSIX Message Queue File System.
[[0;32m  OK  [0m] Mounted POSIX Message Queue File System.
[   13.423673] systemd[1]: Started Journal Service.
[[0;32m  OK  [0m] Started Journal Service.
[[0;32m  OK  [0m] Started Uncomplicated firewall.
[[0;32m  OK  [0m] Started Set console keymap.
[[0;32m  OK  [0m] Started Create list of required sta...ce nodes for the current kernel.
[[0;32m  OK  [0m] Started File System Check on Root Device.[   13.467283] iscsi: registered transport (iser)

[[0;32m  OK  [0m] Started Load Kernel Modules.
[[0;32m  OK  [0m] Started Nameserver information manager.
[[0;32m  OK  [0m] Started File System Check Daemon to report status.
[[0;32m  OK  [0m] Started LVM2 metadata daemon.
         Mounting FUSE Control File System...
         Starting Apply Kernel Variables...
         Starting Remount Root and Kernel File Systems...
         Starting Create Static Device Nodes in /dev...
[   13.533116] EXT4-fs (sda1): re-mounted. Opts: (null)
[[0;32m  OK  [0m] Mounted FUSE Control File System.
[[0;32m  OK  [0m] Started Remount Root and Kernel File Systems.
[[0;32m  OK  [0m] Started Apply Kernel Variables.
         Starting Load/Save Random Seed...
         Starting Flush Journal to Persistent Storage...
         Starting udev Coldplug all Devices...
[[0;32m  OK  [0m] Started Create Static Device Nodes in /dev.
[[0;32m  OK  [0m] Started Load/Save Random Seed.
         Starting udev Kernel Device Manager...
[[0;32m  OK  [0m] Started Flush Journal to Persistent Storage.
[[0;32m  OK  [0m] Started Monitoring of LVM2 mirrors,...ng dmeventd or progress polling.
[[0;32m  OK  [0m] Reached target Local File Systems (Pre).
[[0;32m  OK  [0m] Reached target Local File Systems.
         Starting Tell Plymouth To Write Out Runtime Data...
         Starting Commit a transient machine-id on disk...
         Starting Set console font and keymap...
         Starting Initial cloud-init job (pre-networking)...
         Starting Create Volatile Files and Directories...
         Starting LSB: AppArmor initialization...
[[0;32m  OK  [0m] Started udev Kernel Device Manager.
[[0;32m  OK  [0m] Started udev Coldplug all Devices.
[[0;32m  OK  [0m] Started Tell Plymouth To Write Out Runtime Data.
[[0;32m  OK  [0m] Started Commit a transient machine-id on disk.
[[0;32m  OK  [0m] Started Create Volatile Files and Directories.
         Starting Update UTMP about System Boot/Shutdown...
[[0;32m  OK  [0m] Started Dispatch Password Requests to Console Directory Watch.
[[0;32m  OK  [0m] Started Update UTMP about System Boot/Shutdown.
[[0;32m  OK  [0m] Found device /dev/ttyS0.
[[0;32m  OK  [0m] Listening on Load/Save RF Kill Switch Status /dev/rfkill Watch.
[[0;32m  OK  [0m] Started LSB: AppArmor initialization.
[   15.600692] cloud-init[478]: Cloud-init v. 21.1-19-gbad84ad4-0ubuntu1~16.04.2 running 'init-local' at Mon, 12 Jul 2021 11:36:38 +0000. Up 15.13 seconds.
         Starting Load AppArmor profiles managed internally by snapd...
[[0;32m  OK  [0m] Started Initial cloud-init job (pre-networking).
[[0;32m  OK  [0m] Started Load AppArmor profiles managed internally by snapd.
[[0;32m  OK  [0m] Reached target Network (Pre).
         Starting Raise network interfaces...
[[0;32m  OK  [0m] Started Set console font and keymap.
[[0;32m  OK  [0m] Created slice system-getty.slice.
[[0;32m  OK  [0m] Started Raise network interfaces.
[[0;32m  OK  [0m] Reached target Network.
         Starting Initial cloud-init job (metadata service crawler)...
[   17.426234] cloud-init[944]: Cloud-init v. 21.1-19-gbad84ad4-0ubuntu1~16.04.2 running 'init' at Mon, 12 Jul 2021 11:36:40 +0000. Up 16.87 seconds.
[   17.432002] cloud-init[944]: ci-info: ++++++++++++++++++++++++++++++++++++++Net device info++++++++++++++++++++++++++++++++++++++
[   17.437351] cloud-init[944]: ci-info: +--------+-------+---------------------------+---------------+--------+-------------------+
[   17.442958] cloud-init[944]: ci-info: | Device |   Up  |          Address          |      Mask     | Scope  |     Hw-Address    |
[   17.450088] cloud-init[944]: ci-info: +--------+-------+---------------------------+---------------+--------+-------------------+
[   17.456317] cloud-init[944]: ci-info: | enp0s3 |  True |         10.0.2.15         | 255.255.255.0 | global | 02:0f:93:65:62:e0 |
[   17.461679] cloud-init[944]: ci-info: | enp0s3 |  True | fe80::f:93ff:fe65:62e0/64 |       .       |  link  | 02:0f:93:65:62:e0 |
[   17.466468] cloud-init[944]: ci-info: | enp0s8 | False |             .             |       .       |   .    | 08:00:27:4e:09:56 |
[   17.471693] cloud-init[944]: ci-info: |   lo   |  True |         127.0.0.1         |   255.0.0.0   |  host  |         .         |
[   17.477302] cloud-init[944]: ci-info: |   lo   |  True |          ::1/128          |       .       |  host  |         .         |
[   17.481979] cloud-init[944]: ci-info: +--------+-------+---------------------------+---------------+--------+-------------------+
[   17.487533] cloud-init[944]: ci-info: +++++++++++++++++++++++++++Route IPv4 info++++++++++++++++++++++++++++
[   17.491571] cloud-init[944]: ci-info: +-------+-------------+----------+---------------+-----------+-------+
[   17.495525] cloud-init[944]: ci-info: | Route | Destination | Gateway  |    Genmask    | Interface | Flags |
[   17.500151] cloud-init[944]: ci-info: +-------+-------------+----------+---------------+-----------+-------+
[   17.504944] cloud-init[944]: ci-info: |   0   |   0.0.0.0   | 10.0.2.2 |    0.0.0.0    |   enp0s3  |   UG  |
[   17.508926] cloud-init[944]: ci-info: |   1   |   10.0.2.0  | 0.0.0.0  | 255.255.255.0 |   enp0s3  |   U   |
[   17.513116] cloud-init[944]: ci-info: +-------+-------------+----------+---------------+-----------+-------+
[   17.517230] cloud-init[944]: ci-info: +++++++++++++++++++Route IPv6 info+++++++++++++++++++
[   17.521100] cloud-init[944]: ci-info: +-------+-------------+---------+-----------+-------+
[   17.525776] cloud-init[944]: ci-info: | Route | Destination | Gateway | Interface | Flags |
[   17.529982] cloud-init[944]: ci-info: +-------+-------------+---------+-----------+-------+
[   17.533887] cloud-init[944]: ci-info: |   0   |  fe80::/64  |    ::   |   enp0s3  |   U   |
[   17.537924] cloud-init[944]: ci-info: |   3   |   ff00::/8  |    ::   |   enp0s3  |   U   |
[   17.542165] cloud-init[944]: ci-info: +-------+-------------+---------+-----------+-------+
[   17.546326] cloud-init[944]: Generating public/private rsa key pair.
[   17.549893] cloud-init[944]: Your identification has been saved in /etc/ssh/ssh_host_rsa_key.
[   17.554511] cloud-init[944]: Your public key has been saved in /etc/ssh/ssh_host_rsa_key.pub.
[   17.558709] cloud-init[944]: The key fingerprint is:
[   17.561650] cloud-init[944]: SHA256:wS/QIpp7JiVXvelffUnbImTTfKNNRxNE70L2psSbCLg root@ubuntu-xenial
[   17.565873] cloud-init[944]: The key's randomart image is:
[   17.569425] cloud-init[944]: +---[RSA 2048]----+
[   17.572249] cloud-init[944]: |              o+ |
[   17.575215] cloud-init[944]: |       +        o|
[[0;32m  OK  [0m] Started Initial cloud-init job (metadata service crawler).
[[0;32m  OK  [0m] Reached target Cloud-config availability.
[[0;32m  OK  [0m] Reached target Network is Online.
[   17.578216] cloud-init[944]: |    . + =     o.o|
[   17.585679] cloud-init[944]: |   o o o *   * +.|
[   17.590078]          Starting iSCSI initiator daemon (iscsid)...
[[0;32m  OK  [0m] Reached target System Initialization.
[[0;32m  OK  [0m] Started Daily Cleanup of Temporary Directories.
[[0;32m  OK  [0m] Listening on UUID daemon activation socket.
[[0;32m  OK  [0m] Started Message of the Day.
[[0;32m  OK  [0m] Started Daily apt download activities.
[[0;32m  OK  [0m] Started Daily apt upgrade and clean activities.
[[0;32m  OK  [0m] Listening on D-Bus System Message Bus Socket.
cloud-init[944]: |  + o   S o + *+*|
[[0;32m  OK  [0m] Started ACPI Events Check.
[[0;32m  OK  [0m] Reached target Paths.
[   17.614240]          Starting Socket activation for snappy daemon.
[[0;32m  OK  [0m] Started Ubuntu Advantage update messaging.
[[0;32m  OK  [0m] Listening on ACPID Listen Socket.
cloud-init         Starting LXD - unix socket.
[[0;32m  OK  [0m] Reached target Timers.
[[0;32m  OK  [0m] Listening on Socket activation for snappy daemon.
[[0;32m  OK  [0m] Listening on LXD - unix socket.
[[0;32m  OK  [0m] Reached target Sockets.
[[0;32m  OK  [0m] Reached target Basic System.
         Starting LSB: MD monitoring daemon...
         Starting /etc/rc.local Compatibility...
         Starting Accounts Service...
         Starting System Logging Service...
[944]:          Starting Pollinate to seed the pseudo random number generator...
[[0;32m  OK  [0m] Started D-Bus System Message Bus.
|   =   . o + ==B*|
[   17.658023] cloud-init[944]: |  o o   E   +.*+o|
[   17.667666] cloud-init[944]: |   +     . . . o |
[   17.677559] cloud-init[944]: |          .      |
[   17.692562] cloud-init[944]: +----[SHA256]-----+
[   17.709482] cloud-init[944]: Generating public/private dsa key pair.
[   17.742005] cloud-init[944]: Your identification has been saved in /etc/ssh/ssh_host_dsa_key.
[   17.756737]          Starting LXD - container startup/shutdown...
         Starting Virtualbox guest utils...
         Starting LSB: Record successful boot for GRUB...
[[0;32m  OK  [0m] Started Regular background program processing daemon.
[[0;32m  OK  [0m] Started Deferred execution scheduler.
         Starting Login Service...
         Starting Snap Daemon...
cloud-init[944]: Your public key has been saved in /etc/ssh/ssh_host_dsa_key.pub.
[[0;32m  OK  [0m] Started ACPI event daemon.
[[0;32m  OK  [0m] Started FUSE filesystem for LXC.
[[0;32m  OK  [0m] Started System Logging Service.
[[0;32m  OK  [0m] Started /etc/rc.local Compatibility.
[[0;32m  OK  [0m] Started iSCSI initiator daemon (iscsid).
[   17.802867] cloud-init[944]: The key fingerprint is:
[   17.848051]          Starting Authenticate and Authorize Users to Run Privileged Tasks...
         Starting Login to default iSCSI targets...
[[0;32m  OK  [0m] Started Login Service.
[[0;32m  OK  [0m] Started Unattended Upgrades Shutdown.
cloud-init[944]: SHA256:UFrkGbCgpyHTydAA5renfnmZK+EBgr4BGjSxUK4ryVg root@ubuntu-xenial[[0;32m  OK  [0m] Started LSB: MD monitoring daemon.

[   18.013139] cloud-init[944]: The key's randomart image is:
[[0;32m  OK  [0m] Started Login to default iSCSI targets.
[[0;32m  OK  [0m] Reached target Remote File Systems (Pre).
[[0;32m  OK  [0m] Reached target Remote File Systems.
[   18.102857] cloud-init[944]: +---[DSA 1024]----+
         Starting LSB: daemon to balance interrupts for SMP systems...
         Starting LSB: Set the CPU Frequency Scaling governor to "ondemand"...
         Starting Permit User Sessions...
         Starting LSB: automatic crash report generation...
[[0;32m  OK  [0m] Started Permit User Sessions.
[   18.205838] cloud-init[944]: |**o . .o=        |
[[0;32m  OK  [0m] Started LSB: Record successful boot for GRUB.
         Starting Terminate Plymouth Boot Screen...
         Starting Hold until boot process finishes up...
[[0;32m  OK  [0m] Started Terminate Plymouth Boot Screen.
[[0;32m  OK  [0m] Started Authenticate and Authorize Users to Run Privileged Tasks.
[[0;32m  OK  [0m] Started Accounts Service.
[[0;32m  OK  [0m] Started Hold until boot process finishes up.
[[0;32m  OK  [0m] Started Getty on tty1.
[[0;32m  OK  [0m] Started Serial Getty on ttyS0.
[[0;32m  OK  [0m] Reached target Login Prompts.
[   18.263681]          Starting Set console scheme...
cloud-init[[0;32m  OK  [0m] Started Set console scheme.
[944]: [[0;32m  OK  [0m] Started LXD - container startup/shutdown.
|+Boo . * o       |
[   18.457043] cloud-init[944]: |=oO.. + o        |
[   18.561033] [[0;32m  OK  [0m] Started LSB: Set the CPU Frequency Scaling governor to "ondemand".
cloud-init[944]: |+=.=.  .         |[[0;32m  OK  [0m] Started LSB: daemon to balance interrupts for SMP systems.

[[0;32m  OK  [0m] Started LSB: automatic crash report generation.
[   18.649330] cloud-init[944]: |=.E...  S        |
[   18.690918] cloud-init[944]: |+*  oo           |
[   18.705838] cloud-init[944]: |=.o.. + o        |
[   18.731478] [[0;32m  OK  [0m] Started Virtualbox guest utils.
cloud-init[944]: |...  = +         |
[   18.781062] cloud-init[944]: |   .. o..        |
[   18.787845] cloud-init[944]: +----[SHA256]-----+
[   18.798223] cloud-init[944]: Generating public/private ecdsa key pair.
[   18.809792] cloud-init[944]: Your identification has been saved in /etc/ssh/ssh_host_ecdsa_key.
[   18.835998] cloud-init[944]: Your public key has been saved in /etc/ssh/ssh_host_ecdsa_key.pub.[[0;32m  OK  [0m] Started Pollinate to seed the pseudo random number generator.

[   18.853430] cloud-init[944]: The key fingerprint is:
[   18.863361]          Starting OpenBSD Secure Shell server...
cloud-init[944]: SHA256:LJLbGj5z6EYK4cRc0qsb2UugewMxAI1h9cxLARgvDwQ root@ubuntu-xenial
[   18.889610] cloud-init[944]: The key's randomart image is:
[   18.902473] cloud-init[944]: +---[ECDSA 256]---+
[   18.916148] cloud-init[944]: |EB=o..           |
[   18.921253] cloud-init[944]: |=ooo+ .          |
[   18.926181] cloud-init[944]: |+oo..=           |
[   18.933222] cloud-init[944]: |+=+.....         |
[   18.947095] cloud-init[944]: |++=.o.. S        |
[   18.955358] cloud-init[944]: |+= o.+ .         |
[   18.960947] cloud-init[944]: | ++o+..          |
[   18.970707] cloud-init[944]: |..+o=o.          |
[   18.977388] cloud-init[944]: | . +++           |
[   18.990585] cloud-init[944]: +----[SHA256]-----+
[[0;32m  OK  [0m] Started OpenBSD Secure Shell server.
[   18.997970] cloud-init[944]: Generating public/private ed25519 key pair.
[   19.011650] cloud-init[944]: Your identification has been saved in /etc/ssh/ssh_host_ed25519_key.
[   19.038143] cloud-init[944]: Your public key has been saved in /etc/ssh/ssh_host_ed25519_key.pub.
[   19.044683] cloud-init[944]: The key fingerprint is:
[   19.049175] cloud-init[944]: SHA256:XtPwno2zEehGn89hL0yozTeriCgy4I2NbJBox3ATQ/A root@ubuntu-xenial
[   19.054832] cloud-init[944]: The key's randomart image is:
[   19.059106] cloud-init[944]: +--[ED25519 256]--+
[   19.063687] cloud-init[944]: | .o.             |
[   19.068570] cloud-init[944]: |  .o             |
[   19.077458] cloud-init[944]: |   Eo     .      |
[[0;32m  OK  [0m] Started Snap Daemon.
[   19.120987]          Starting Wait until snapd is fully seeded...
cloud-init[944]: | . o       =     |
[   19.150738] cloud-init[944]: |..+ .   S = +.   |
[   19.201055] cloud-init[944]: |=. o   . + +.*.  |
[   19.260712] cloud-init[944]: |=.*     . o+Oo+  |
[   19.301022] cloud-init[944]: | *oo.  . o..oB=o |
[   19.366259] cloud-init[944]: |.  o .. . . oo++.|
[[0;32m  OK  [0m] Created slice User Slice of vagrant.
[   19.403381] cloud-init[944]: +----[SHA256]-----+
         Starting User Manager for UID 1000...
[[0;32m  OK  [0m] Started Session 1 of user vagrant.
[[0;32m  OK  [0m] Started User Manager for UID 1000.
[[0;32m  OK  [0m] Started Wait until snapd is fully seeded.
         Starting Apply the settings specified in cloud-config...
[[0;32m  OK  [0m] Reached target Multi-User System.
[[0;32m  OK  [0m] Reached target Graphical Interface.
         Starting Update UTMP about System Runlevel Changes...
[[0;32m  OK  [0m] Started Update UTMP about System Runlevel Changes.
[   21.399960] cloud-init[1384]: Generating locales (this might take a while)...
[   22.718988] cloud-init[1384]:   en_US.UTF-8... done
[   22.727013] cloud-init[1384]: Generation complete.
[   23.188859] cloud-init[1384]: Cloud-init v. 21.1-19-gbad84ad4-0ubuntu1~16.04.2 running 'modules:config' at Mon, 12 Jul 2021 11:36:44 +0000. Up 21.22 seconds.
[[0;32m  OK  [0m] Started Apply the settings specified in cloud-config.
         Starting Execute cloud user/final scripts...
ci-info: no authorized SSH keys fingerprints found for user ubuntu.
<14>Jul 12 11:36:47 ec2: 
<14>Jul 12 11:36:47 ec2: #############################################################
<14>Jul 12 11:36:47 ec2: -----BEGIN SSH HOST KEY FINGERPRINTS-----
<14>Jul 12 11:36:47 ec2: 1024 SHA256:UFrkGbCgpyHTydAA5renfnmZK+EBgr4BGjSxUK4ryVg root@ubuntu-xenial (DSA)
<14>Jul 12 11:36:47 ec2: 256 SHA256:LJLbGj5z6EYK4cRc0qsb2UugewMxAI1h9cxLARgvDwQ root@ubuntu-xenial (ECDSA)
<14>Jul 12 11:36:47 ec2: 256 SHA256:XtPwno2zEehGn89hL0yozTeriCgy4I2NbJBox3ATQ/A root@ubuntu-xenial (ED25519)
<14>Jul 12 11:36:47 ec2: 2048 SHA256:wS/QIpp7JiVXvelffUnbImTTfKNNRxNE70L2psSbCLg root@ubuntu-xenial (RSA)
<14>Jul 12 11:36:47 ec2: -----END SSH HOST KEY FINGERPRINTS-----
<14>Jul 12 11:36:47 ec2: #############################################################
-----BEGIN SSH HOST KEY KEYS-----
ecdsa-sha2-nistp256 AAAAE2VjZHNhLXNoYTItbmlzdHAyNTYAAAAIbmlzdHAyNTYAAABBBPMVKbw+yiG89vY6NlEbQttUEKSi53AKdtU8nD9CW69Fu2QLXVa+IoIbeV93uFtQO6vEdW5DKCJ6vScCo4YYQ8A= root@ubuntu-xenial
ssh-ed25519 AAAAC3NzaC1lZDI1NTE5AAAAIOXOR8x4Ehl+a2ATEzts3oTWsA/4VhN1cHGwmhh+Ll5K root@ubuntu-xenial
ssh-rsa AAAAB3NzaC1yc2EAAAADAQABAAABAQC1mF76a8mSyZf/jX6LC63Asrs68W/eojsE/V1TyPpgk3zL61LUdsRoabuSCnpuUVoETxbANVy6Qkia219/OcG+rtT/6o+UZYkqTJBSJc4fzHZwiPwiMLUAe/Ik7WZhO0ja1hRCD9FD0UraqvjhtNL9Tu8+EhG3HWGr5HdGxIWDJF2LAsF0G+4cnODsJRlvmt3nn5RnbzkHSLoQIaRwVM0goOUMCRZJqUXjrslSq517p/J3sJXRn9yEjEn1i0AKiTmY0Xva0iGb7osJUXYAogZ+w6Uy7TJz9Iq/LMkDT/S2pFk+76XzzjMwa5ihEDPZihfuEhygD7QNU4AbvjogIeWX root@ubuntu-xenial
-----END SSH HOST KEY KEYS-----
[   23.873821] cloud-init[1533]: Cloud-init v. 21.1-19-gbad84ad4-0ubuntu1~16.04.2 running 'modules:final' at Mon, 12 Jul 2021 11:36:47 +0000. Up 23.60 seconds.
[   23.874060] cloud-init[1533]: ci-info: no authorized SSH keys fingerprints found for user ubuntu.
[   23.874623] cloud-init[1533]: Cloud-init v. 21.1-19-gbad84ad4-0ubuntu1~16.04.2 finished at Mon, 12 Jul 2021 11:36:47 +0000. Datasource DataSourceNoCloud [seed=/dev/sdb][dsmode=net].  Up 23.86 seconds

Ubuntu 16.04.7 LTS ubuntu-xenial ttyS0

ubuntu-xenial login: 